 
****************************************
Report : power
        -hier
        -analysis_effort low
Design : full_adder
Version: V-2023.12-SP4
Date   : Wed May 14 22:40:47 2025
****************************************


Library(s) Used:

    saed32rvt_tt0p78vn40c (File: /data/pdk/pdk32nm/SAED32_EDK/lib/stdcell_rvt/db_ccs/saed32rvt_tt0p78vn40c.db)


Operating Conditions: tt0p78vn40c   Library: saed32rvt_tt0p78vn40c
Wire Load Model Mode: enclosed

Design        Wire Load Model            Library
------------------------------------------------
full_adder             8000              saed32rvt_tt0p78vn40c


Global Operating Voltage = 0.78 
Power-specific unit information :
    Voltage Units = 1V
    Capacitance Units = 1.000000ff
    Time Units = 1ns
    Dynamic Power Units = 1uW    (derived from V,C,T units)
    Leakage Power Units = 1pW


--------------------------------------------------------------------------------
                                       Switch   Int      Leak     Total
Hierarchy                              Power    Power    Power    Power    %
--------------------------------------------------------------------------------
full_adder                                2.409   59.055 5.81e+06   67.272 100.0
1
